// Jest Snapshot v1, https://goo.gl/fbAQLP

exports[`render Toolbar component 1`] = `
<WithStyles(Grid)
  container={true}
  justify="center"
>
  <WithStyles(Grid)
    item={true}
    md={10}
  >
    <styled__AppBarStyled
      position="static"
    >
      <Logo />
    </styled__AppBarStyled>
  </WithStyles(Grid)>
</WithStyles(Grid)>
`;
